---
source: src/life.rs
expression: "format!(\"Before:\\n{}\\nAfter:\\n{}\\nEvents: {}\", before, after, events)"
---
Before:
   
xxx
   

After:
 x 
 x 
 x 

Events: Born(Cell { coords: Coord(0, 1), data: () })
Born(Cell { coords: Coord(2, 1), data: () })
Died(Cell { coords: Coord(1, 0), data: () })
Died(Cell { coords: Coord(1, 2), data: () })
